\BOOKMARK [0][-]{figure.caption.1}{\376\377\000D\000A\000F\000T\000A\000R\000\040\000G\000A\000M\000B\000A\000R}{}% 1
\BOOKMARK [0][-]{figure.caption.1}{\376\377\000D\000A\000F\000T\000A\000R\000\040\000T\000A\000B\000E\000L}{}% 2
\BOOKMARK [0][-]{chapter*.2}{\376\377\000=\000D\000A\000F\000T\000A\000R\000\040\000K\000O\000D\000E}{}% 3
\BOOKMARK [0][-]{chapter.1}{\376\377\000P\000E\000N\000D\000A\000H\000U\000L\000U\000A\000N}{}% 4
\BOOKMARK [1][-]{section.1.1}{\376\377\000L\000a\000t\000a\000r\000\040\000B\000e\000l\000a\000k\000a\000n\000g}{chapter.1}% 5
\BOOKMARK [1][-]{section.1.2}{\376\377\000R\000u\000m\000u\000s\000a\000n\000\040\000M\000a\000s\000a\000l\000a\000h}{chapter.1}% 6
\BOOKMARK [1][-]{section.1.3}{\376\377\000T\000u\000j\000u\000a\000n}{chapter.1}% 7
\BOOKMARK [1][-]{section.1.4}{\376\377\000B\000a\000t\000a\000s\000a\000n\000\040\000M\000a\000s\000a\000l\000a\000h}{chapter.1}% 8
\BOOKMARK [1][-]{section.1.5}{\376\377\000M\000e\000t\000o\000d\000o\000l\000o\000g\000i}{chapter.1}% 9
\BOOKMARK [0][-]{chapter.2}{\376\377\000S\000T\000U\000D\000I\000\040\000L\000I\000T\000E\000R\000A\000T\000U\000R}{}% 10
\BOOKMARK [1][-]{section.2.1}{\376\377\000H\000i\000p\000e\000r\000t\000e\000n\000s\000i}{chapter.2}% 11
\BOOKMARK [2][-]{subsection.2.1.1}{\376\377\000K\000l\000a\000s\000i\000f\000i\000k\000a\000s\000i\000\040\000H\000i\000p\000e\000r\000t\000e\000n\000s\000i}{section.2.1}% 12
\BOOKMARK [2][-]{subsection.2.1.2}{\376\377\000F\000a\000k\000t\000o\000r\000\040\000R\000i\000s\000i\000k\000o}{section.2.1}% 13
\BOOKMARK [3][-]{subsubsection.2.1.2.1}{\376\377\000F\000a\000k\000t\000o\000r\000\040\000R\000i\000s\000i\000k\000o\000\040\000T\000i\000d\000a\000k\000\040\000D\000a\000p\000a\000t\000\040\000D\000i\000m\000o\000d\000i\000f\000i\000k\000a\000s\000i}{subsection.2.1.2}% 14
\BOOKMARK [3][-]{subsubsection.2.1.2.2}{\376\377\000F\000a\000k\000t\000o\000r\000\040\000R\000i\000s\000i\000k\000o\000\040\000D\000a\000p\000a\000t\000\040\000D\000i\000m\000o\000d\000i\000f\000i\000k\000a\000s\000i}{subsection.2.1.2}% 15
\BOOKMARK [1][-]{section.2.2}{\376\377\000M\000a\000c\000h\000i\000n\000e\000\040\000L\000e\000a\000r\000n\000i\000n\000g}{chapter.2}% 16
\BOOKMARK [2][-]{subsection.2.2.1}{\376\377\000G\000r\000a\000d\000i\000e\000n\000t\000\040\000B\000o\000o\000s\000t\000i\000n\000g}{section.2.2}% 17
\BOOKMARK [2][-]{subsection.2.2.2}{\376\377\000E\000x\000t\000r\000e\000m\000e\000\040\000G\000r\000a\000d\000i\000e\000n\000t\000\040\000B\000o\000o\000s\000t\000i\000n\000g\000\040\000\050\000X\000G\000B\000o\000o\000s\000t\000\051}{section.2.2}% 18
\BOOKMARK [1][-]{section.2.3}{\376\377\000A\000r\000t\000i\000f\000i\000c\000i\000a\000l\000\040\000I\000n\000t\000e\000l\000l\000i\000g\000e\000n\000c\000e}{chapter.2}% 19
\BOOKMARK [2][-]{subsection.2.3.1}{\376\377\000E\000x\000p\000l\000a\000i\000n\000a\000b\000l\000e\000\040\000A\000r\000t\000i\000f\000i\000c\000i\000a\000l\000\040\000I\000n\000t\000e\000l\000l\000i\000g\000e\000n\000c\000e\000\040\000\050\000X\000A\000I\000\051}{section.2.3}% 20
\BOOKMARK [3][-]{subsubsection.2.3.1.1}{\376\377\000S\000h\000a\000p\000l\000e\000y\000\040\000A\000d\000d\000i\000t\000i\000v\000e\000\040\000E\000x\000p\000l\000a\000n\000a\000t\000i\000o\000n\000\040\000\050\000S\000H\000A\000P\000\051}{subsection.2.3.1}% 21
\BOOKMARK [3][-]{subsubsection.2.3.1.2}{\376\377\000L\000I\000M\000E}{subsection.2.3.1}% 22
\BOOKMARK [3][-]{subsubsection.2.3.1.3}{\376\377\000A\000n\000a\000l\000i\000s\000i\000s\000\040\000K\000o\000m\000p\000a\000r\000a\000t\000i\000f\000\040\000S\000H\000A\000P\000\040\000d\000a\000n\000\040\000L\000I\000M\000E}{subsection.2.3.1}% 23
\BOOKMARK [1][-]{section.2.4}{\376\377\000L\000a\000r\000g\000e\000\040\000L\000a\000n\000g\000u\000a\000g\000e\000\040\000M\000o\000d\000e\000l\000\040\000\050\000L\000L\000M\000\051}{chapter.2}% 24
\BOOKMARK [2][-]{subsection.2.4.1}{\376\377\000V\000e\000c\000t\000o\000r\000\040\000D\000a\000t\000a\000b\000a\000s\000e}{section.2.4}% 25
\BOOKMARK [2][-]{subsection.2.4.2}{\376\377\000K\000e\000t\000e\000r\000b\000a\000t\000a\000s\000a\000n\000\040\000L\000L\000M}{section.2.4}% 26
\BOOKMARK [2][-]{subsection.2.4.3}{\376\377\000M\000e\000n\000g\000a\000t\000a\000s\000i\000\040\000K\000e\000t\000e\000r\000b\000a\000t\000a\000s\000a\000n\000\040\000L\000L\000M}{section.2.4}% 27
\BOOKMARK [1][-]{section.2.5}{\376\377\000R\000e\000t\000r\000i\000e\000v\000a\000l\000-\000A\000u\000g\000m\000e\000n\000t\000e\000d\000\040\000G\000e\000n\000e\000r\000a\000t\000i\000o\000n\000\040\000\050\000R\000A\000G\000\051}{chapter.2}% 28
\BOOKMARK [2][-]{subsection.2.5.1}{\376\377\000K\000a\000p\000a\000b\000i\000l\000i\000t\000a\000s\000\040\000R\000A\000G}{section.2.5}% 29
\BOOKMARK [2][-]{subsection.2.5.2}{\376\377\000L\000i\000m\000i\000t\000a\000s\000i\000\040\000T\000e\000k\000n\000i\000s\000\040\000R\000A\000G}{section.2.5}% 30
\BOOKMARK [2][-]{subsection.2.5.3}{\376\377\000R\000A\000G\000\040\000D\000a\000l\000a\000m\000\040\000D\000o\000m\000a\000i\000n\000\040\000M\000e\000d\000i\000s}{section.2.5}% 31
\BOOKMARK [2][-]{subsection.2.5.4}{\376\377\000R\000e\000t\000r\000i\000e\000v\000a\000l\000\040\000A\000u\000g\000m\000e\000n\000t\000e\000d\000\040\000G\000e\000n\000e\000r\000a\000t\000i\000o\000n\000\040\000A\000s\000s\000e\000s\000s\000m\000e\000n\000t\000\040\000\050\000R\000A\000G\000A\000S\000\051}{section.2.5}% 32
\BOOKMARK [1][-]{section.2.6}{\376\377\000T\000i\000n\000j\000a\000u\000a\000n\000\040\000P\000e\000n\000e\000l\000i\000t\000i\000a\000n\000\040\000S\000e\000b\000e\000l\000u\000m\000n\000y\000a}{chapter.2}% 33
\BOOKMARK [0][-]{chapter.3}{\376\377\000A\000N\000A\000L\000I\000S\000I\000S\000\040\000M\000A\000S\000A\000L\000A\000H}{}% 34
\BOOKMARK [1][-]{section.3.1}{\376\377\000A\000n\000a\000l\000i\000s\000i\000s\000\040\000K\000o\000n\000d\000i\000s\000i\000\040\000S\000a\000a\000t\000\040\000I\000n\000i}{chapter.3}% 35
\BOOKMARK [2][-]{subsection.3.1.1}{\376\377\000K\000e\000s\000e\000n\000j\000a\000n\000g\000a\000n\000\040\000T\000r\000a\000n\000s\000p\000a\000r\000a\000n\000s\000i\000\040\000d\000a\000n\000\040\000K\000e\000p\000e\000r\000c\000a\000y\000a\000a\000n\000\040\000K\000l\000i\000n\000i\000s\000\040\000\050\000T\000r\000u\000s\000t\000\040\000G\000a\000p\000\051}{section.3.1}% 36
\BOOKMARK [2][-]{subsection.3.1.2}{\376\377\000R\000i\000s\000i\000k\000o\000\040\000H\000a\000l\000u\000s\000i\000n\000a\000s\000i\000\040\000d\000a\000n\000\040\000I\000n\000k\000o\000n\000s\000i\000s\000t\000e\000n\000s\000i\000\040\000I\000n\000f\000o\000r\000m\000a\000s\000i\000\040\000M\000e\000d\000i\000s}{section.3.1}% 37
\BOOKMARK [2][-]{subsection.3.1.3}{\376\377\000T\000a\000n\000t\000a\000n\000g\000a\000n\000\040\000K\000o\000m\000p\000l\000e\000k\000s\000i\000t\000a\000s\000\040\000D\000a\000t\000a\000\040\000M\000u\000l\000t\000i\000d\000i\000m\000e\000n\000s\000i}{section.3.1}% 38
\BOOKMARK [2][-]{subsection.3.1.4}{\376\377\000I\000d\000e\000n\000t\000i\000f\000i\000k\000a\000s\000i\000\040\000K\000e\000s\000e\000n\000j\000a\000n\000g\000a\000n\000\040\000\050\000G\000a\000p\000\040\000A\000n\000a\000l\000y\000s\000i\000s\000\051}{section.3.1}% 39
\BOOKMARK [1][-]{section.3.2}{\376\377\000A\000n\000a\000l\000i\000s\000i\000s\000\040\000K\000e\000b\000u\000t\000u\000h\000a\000n}{chapter.3}% 40
\BOOKMARK [2][-]{subsection.3.2.1}{\376\377\000I\000d\000e\000n\000t\000i\000f\000i\000k\000a\000s\000i\000\040\000M\000a\000s\000a\000l\000a\000h\000\040\000P\000e\000n\000g\000g\000u\000n\000a}{section.3.2}% 41
\BOOKMARK [2][-]{subsection.3.2.2}{\376\377\000K\000e\000b\000u\000t\000u\000h\000a\000n\000\040\000F\000u\000n\000g\000s\000i\000o\000n\000a\000l}{section.3.2}% 42
\BOOKMARK [2][-]{subsection.3.2.3}{\376\377\000K\000e\000b\000u\000t\000u\000h\000a\000n\000\040\000N\000o\000n\000f\000u\000n\000g\000s\000i\000o\000n\000a\000l}{section.3.2}% 43
\BOOKMARK [1][-]{section.3.3}{\376\377\000A\000n\000a\000l\000i\000s\000i\000s\000\040\000P\000e\000m\000i\000l\000i\000h\000a\000n\000\040\000S\000o\000l\000u\000s\000i}{chapter.3}% 44
\BOOKMARK [2][-]{subsection.3.3.1}{\376\377\000A\000l\000t\000e\000r\000n\000a\000t\000i\000f\000\040\000S\000o\000l\000u\000s\000i}{section.3.3}% 45
\BOOKMARK [2][-]{subsection.3.3.2}{\376\377\000A\000n\000a\000l\000i\000s\000i\000s\000\040\000P\000e\000n\000e\000n\000t\000u\000a\000n\000\040\000S\000o\000l\000u\000s\000i}{section.3.3}% 46
\BOOKMARK [0][-]{chapter.4}{\376\377\000D\000E\000S\000A\000I\000N\000\040\000K\000O\000N\000S\000E\000P\000\040\000S\000O\000L\000U\000S\000I}{}% 47
\BOOKMARK [1][-]{section.4.1}{\376\377\000M\000o\000d\000e\000l\000\040\000K\000o\000n\000s\000e\000p\000t\000u\000a\000l\000\040\000S\000o\000l\000u\000s\000i\000\040\000y\000a\000n\000g\000\040\000D\000i\000u\000s\000u\000l\000k\000a\000n}{chapter.4}% 48
\BOOKMARK [2][-]{subsection.4.1.1}{\376\377\000P\000e\000n\000j\000e\000l\000a\000s\000a\000n\000\040\000A\000l\000u\000r\000\040\000K\000e\000r\000j\000a\000\040\000S\000i\000s\000t\000e\000m}{section.4.1}% 49
\BOOKMARK [2][-]{subsection.4.1.2}{\376\377\000A\000r\000s\000i\000t\000e\000k\000t\000u\000r\000\040\000S\000i\000s\000t\000e\000m}{section.4.1}% 50
\BOOKMARK [1][-]{section.4.2}{\376\377\000P\000e\000r\000b\000a\000n\000d\000i\000n\000g\000a\000n\000\040\000d\000e\000n\000g\000a\000n\000\040\000S\000i\000s\000t\000e\000m\000\040\000S\000a\000a\000t\000\040\000I\000n\000i}{chapter.4}% 51
\BOOKMARK [0][-]{chapter.5}{\376\377\000R\000E\000N\000C\000A\000N\000A\000\040\000S\000E\000L\000A\000N\000J\000U\000T\000N\000Y\000A}{}% 52
\BOOKMARK [1][-]{section.5.1}{\376\377\000I\000m\000p\000l\000e\000m\000e\000n\000t\000a\000s\000i}{chapter.5}% 53
\BOOKMARK [2][-]{subsection.5.1.1}{\376\377\000K\000a\000k\000a\000s\000\040\000d\000a\000n\000\040\000L\000i\000n\000g\000k\000u\000n\000g\000a\000n\000\040\000I\000m\000p\000l\000e\000m\000e\000n\000t\000a\000s\000i}{section.5.1}% 54
\BOOKMARK [2][-]{subsection.5.1.2}{\376\377\000J\000a\000d\000w\000a\000l\000\040\000I\000m\000p\000l\000e\000m\000e\000n\000t\000a\000s\000i}{section.5.1}% 55
\BOOKMARK [1][-]{section.5.2}{\376\377\000D\000e\000s\000a\000i\000n\000\040\000p\000e\000n\000g\000u\000j\000i\000a\000n\000\040\000d\000a\000n\000\040\000e\000v\000a\000l\000u\000a\000s\000i}{chapter.5}% 56
\BOOKMARK [2][-]{subsection.5.2.1}{\376\377\000E\000v\000a\000l\000u\000a\000s\000i\000\040\000K\000i\000n\000e\000r\000j\000a\000\040\000M\000o\000d\000e\000l}{section.5.2}% 57
\BOOKMARK [2][-]{subsection.5.2.2}{\376\377\000R\000e\000n\000c\000a\000n\000a\000\040\000E\000v\000a\000l\000u\000a\000s\000i\000\040\000R\000a\000s\000i\000o\000n\000a\000l\000i\000t\000a\000s\000\040\000M\000o\000d\000e\000l}{section.5.2}% 58
\BOOKMARK [2][-]{subsection.5.2.3}{\376\377\000E\000v\000a\000l\000u\000a\000s\000i\000\040\000R\000A\000G}{section.5.2}% 59
\BOOKMARK [1][-]{section.5.3}{\376\377\000A\000n\000a\000l\000i\000s\000i\000s\000\040\000R\000i\000s\000i\000k\000o\000\040\000d\000a\000n\000\040\000M\000i\000t\000i\000g\000a\000s\000i}{chapter.5}% 60
\BOOKMARK [2][-]{subsection.5.3.1}{\376\377\000I\000d\000e\000n\000t\000i\000f\000i\000k\000a\000s\000i\000\040\000R\000i\000s\000i\000k\000o\000\040\000K\000u\000n\000c\000i}{section.5.3}% 61
\BOOKMARK [2][-]{subsection.5.3.2}{\376\377\000A\000n\000a\000l\000i\000s\000i\000s\000\040\000d\000a\000n\000\040\000E\000v\000a\000l\000u\000a\000s\000i\000\040\000R\000i\000s\000i\000k\000o}{section.5.3}% 62
\BOOKMARK [2][-]{subsection.5.3.3}{\376\377\000S\000t\000r\000a\000t\000e\000g\000i\000\040\000M\000i\000t\000i\000g\000a\000s\000i\000\040\000d\000a\000n\000\040\000T\000i\000n\000d\000a\000k\000\040\000L\000a\000n\000j\000u\000t}{section.5.3}% 63
